0. Add repo and clone
> git clone https://github.com/knotknull/brancy.git

1. list branches
> git branch
* master

2. show status, checkout a new branch and verify
> git status			## NOTE: on branch master
On branch master
Your branch is up-to-date with 'origin/master'.


> git branch -b NotesBranch
Switched to a new branch 'NotesBranch'

> git status
On branch NotesBranch		## NOTE: on branch NotesBranch (this will include the Notes.txt file)


3. Add a new file to NotesBranch and check status
> echo "hello" > Notes.txt 
> git status
On branch NotesBranch
Untracked files:
  (use "git add <file>..." to include in what will be committed)

	Notes.txt

nothing added to commit but untracked files present (use "git add" to track)

4. Add the new file, commit and push 
> git add Notes.txt
> git commit -m "Adding Notes.txt to NotesBranch" 
[NotesBranch 276a519] Adding Notes.txt to NotesBranch
 1 file changed, 39 insertions(+)
 create mode 100644 Notes.txt

> git push origin NotesBranch
Counting objects: 4, done.
Delta compression using up to 8 threads.
Compressing objects: 100% (3/3), done.
Writing objects: 100% (3/3), 764 bytes | 0 bytes/s, done.
Total 3 (delta 0), reused 0 (delta 0)
To https://github.com/knotknull/brancy.git
 * [new branch]      NotesBranch -> NotesBranch

5. Go to github.com and look for brancy repo, there is two branches: master and NotesBranch 
NOTE: NotesBranch has an extra file, Notes.txt


6. Create a new branch from master and add a new file called NOTES.txt (branch == BigNotesBranch)
> git checkout master
Switched to a new branch 'BigNotesBranch'

> git checkout -b BigNotesBranch

> touch NOTES.TXT

> git add NOTES.TXT
[BigNotesBranch 157ca33] Added NOTES.TXT to BigNotesBranch
 1 file changed, 0 insertions(+), 0 deletions(-)
 create mode 100644 NOTES.TXT

> git commit -m "Adding NOTES.TXT to new branch BigNotesBranch
> git push origin BigNotesBranch
Counting objects: 5, done.
Delta compression using up to 8 threads.
Compressing objects: 100% (2/2), done.
Writing objects: 100% (3/3), 371 bytes | 0 bytes/s, done.
Total 3 (delta 0), reused 0 (delta 0)
To https://github.com/knotknull/brancy.git
 * [new branch]      BigNotesBranch -> BigNotesBranch

7. Checkout different branches:
> git checkout master && ls 
> git checkout NotesBranch && ls 
> git checkout BitNotesBranch && ls 


